Microchip MPLAB XC8 Compiler V2.45

Linker command line:

-W-3 \
  --edf=D:\Program Files\Microchip\xc8\v2.45\pic\dat\20230818022343_en.msgs \
  -cn -h+dist/default/debug\code.debug.sym \
  --cmf=dist/default/debug\code.debug.cmf -z -Q18F4620 \
  -oC:\Users\gaming3\AppData\Local\Temp\xcAs6b4.\driver_tmp_3.o \
  --defsym=__MPLAB_BUILD=1 --fixupoverflow=error \
  -Mdist/default/debug/code.debug.map \
  --md=C:\Users\gaming3\AppData\Local\Temp\xcAs6b4.\driver_tmp_0.dat -E1 \
  -ver=XC8 Compiler --acfsm=1493 -ACODE=00h-0FFFFh -ACONST=00h-0FFFFh \
  -ASMALLCONST=01000h-010FFhx240 -AMEDIUMCONST=01000h-0FFFFh \
  -ACOMRAM=01h-07Fh -AABS1=00h-0F7Fh -ABIGRAM=01h-0F7Fh \
  -ARAM=080h-0FFh,0100h-01FFhx14,0F00h-0F7Fh -ABANK0=080h-0FFh \
  -ABANK1=0100h-01FFh -ABANK2=0200h-02FFh -ABANK3=0300h-03FFh \
  -ABANK4=0400h-04FFh -ABANK5=0500h-05FFh -ABANK6=0600h-06FFh \
  -ABANK7=0700h-07FFh -ABANK8=0800h-08FFh -ABANK9=0900h-09FFh \
  -ABANK10=0A00h-0AFFh -ABANK11=0B00h-0BFFh -ABANK12=0C00h-0CFFh \
  -ABANK13=0D00h-0DFFh -ABANK14=0E00h-0EFFh -ABANK15=0F00h-0F7Fh \
  -ASFR=0F80h-0FFFh -ABIGSFR=0F80h-0FFFh -ACONFIG=0300000h-030000Dh \
  -AIDLOC=0200000h-0200007h -AEEDATA=0F00000h-0F003FFh -peeprom_data=EEDATA \
  -preset_vec=00h,intcode=08h,intcodelo,powerup,init -pramtop=01000h \
  -psmallconst=SMALLCONST -pmediumconst=MEDIUMCONST -pconst=CONST \
  -AFARRAM=00h-00h \
  -prdata=COMRAM,nvrram=COMRAM,nvbit=COMRAM,rbss=COMRAM,rbit=COMRAM \
  -pfarbss=FARRAM,fardata=FARRAM,nvFARRAM=FARRAM \
  -pintsave_regs=BIGRAM,bigbss=BIGRAM,bigdata=BIGRAM -pbss=RAM \
  -pidata=CODE,irdata=CODE,ibigdata=CODE,ifardata=CODE -prparam=COMRAM \
  C:\Users\gaming3\AppData\Local\Temp\xcAs6b4.\driver_tmp_14.o \
  dist/default/debug\code.debug.o 

Object code version is 3.11

Machine type is 18F4620



                Name                               Link     Load   Length Selector   Space Scale
C:\Users\gaming3\AppData\Local\Temp\xcAs6b4.\driver_tmp_14.o
                config                           300000   300000        E        0       4
                init                                  E        E        4        4       0
                reset_vec                             0        0        4        0       0
dist/default/debug\code.debug.o
                intcode                               8        8        6        4       0
                config                           300000   300000        E        0       4
                temp                                 72       72        1        1       1
                smallconst                         1000     1000       1C      800       0
                text70                             49C0     49C0       38      80E       0
                text69                             3BFA     3BFA       C4      80E       0
                text68                             3D78     3D78       B0      80E       0
                text67                             4A2E     4A2E       34      80E       0
                text66                             4B7C     4B7C        2      80E       0
                text65                             3CBE     3CBE       BA      80E       0
                text64                             246A     246A      1CE      80E       0
                text63                             4944     4944       40      80E       0
                text62                             4984     4984       3C      80E       0
                text61                             47EA     47EA       4C      80E       0
                text60                             20D0     20D0      39A      80E       0
                text59                             190A     190A      42A      80E       0
                text58                             3860     3860      106      80E       0
                text57                             29A6     29A6      1B4      80E       0
                text56                             3632     3632      122      80E       0
                text55                             44F6     44F6       64      80E       0
                text54                             4A94     4A94       32      80E       0
                text53                             461E     461E       62      80E       0
                text52                             41AC     41AC       7E      80E       0
                text51                             45BC     45BC       62      80E       0
                text50                             3FFE     3FFE       9A      80E       0
                text49                             4904     4904       40      80E       0
                text48                             3B32     3B32       C8      80E       0
                text47                             4AC6     4AC6       2E      80E       0
                text46                             4B76     4B76        4      80E       0
                text45                             4B72     4B72        4      80E       0
                text44                             4B6E     4B6E        4      80E       0
                text43                             4B6A     4B6A        4      80E       0
                text42                             4B66     4B66        4      80E       0
                text41                             4B52     4B52        C      80E       0
                text40                             4B5E     4B5E        8      80E       0
                text39                             4B46     4B46        C      80E       0
                text38                             4B3A     4B3A        C      80E       0
                intcode_body                       27F0     27F0      1B6      80E       0
                text36                             3F62     3F62       9C      80E       0
                text35                             3A56     3A56       DC      80E       0
                text34                             4A62     4A62       32      80E       0
                text33                             4B1E     4B1E       1C      80E       0
                text32                             4492     4492       64      80E       0
                text31                             3966     3966       F0      80E       0
                text30                             33DE     33DE      12C      80E       0
                text29                             3004     3004      154      80E       0
                text28                             101C     101C      4C2      80E       0
                text27                             1D34     1D34      39C      80E       0
                text26                             14DE     14DE      42C      80E       0
                text25                             3754     3754      10C      80E       0
                text24                             2638     2638      1B8      80E       0
                text23                             2B5A     2B5A      1AE      80E       0
                text22                             4680     4680       5E      80E       0
                text21                             329E     329E      140      80E       0
                text20                             2EA4     2EA4      160      80E       0
                text19                             4098     4098       90      80E       0
                text18                             350A     350A      128      80E       0
                text17                             43C8     43C8       66      80E       0
                text16                             422A     422A       6C      80E       0
                text15                             49F8     49F8       36      80E       0
                text14                             4362     4362       66      80E       0
                text13                             3158     3158      146      80E       0
                text12                             4836     4836       48      80E       0
                text11                             2D08     2D08      19C      80E       0
                text10                             442E     442E       64      80E       0
                text9                              4794     4794       56      80E       0
                text8                              46DE     46DE       5C      80E       0
                text7                              473A     473A       5A      80E       0
                text6                              3E28     3E28       9E      80E       0
                text5                              42FC     42FC       66      80E       0
                text4                              4128     4128       84      80E       0
                text3                              3EC6     3EC6       9C      80E       0
                text2                              48C2     48C2       42      80E       0
                text1                              455A     455A       62      80E       0
                text0                              4AF4     4AF4       2A      80E       0
                cstackCOMRAM                          1        1       4A        1       1
                cstackBANK0                          80       80       64       80       1
                cstackBANK1                         172      172       19      100       1
                dataBANK1                           100      100       44      100       1
                bssBANK1                            144      144       2E      100       1
                dataBANK0                            F0       F0        2       80       1
                bssBANK0                             E4       E4        C       80       1
                bssCOMRAM                            4B       4B       27        1       1
                cinit                              4296     4296       66      80E       0
                idataBANK1                         487E     487E       44      80E       0
                idataBANK0                         4B7A     4B7A        2      80E       0

TOTAL           Name                               Link     Load   Length     Space
        CLASS   CODE           
                intcode                               8        8        6         0
                init                                  E        E        4         0
                reset_vec                             0        0        4         0
                text70                             49C0     49C0       38         0
                text69                             3BFA     3BFA       C4         0
                text68                             3D78     3D78       B0         0
                text67                             4A2E     4A2E       34         0
                text66                             4B7C     4B7C        2         0
                text65                             3CBE     3CBE       BA         0
                text64                             246A     246A      1CE         0
                text63                             4944     4944       40         0
                text62                             4984     4984       3C         0
                text61                             47EA     47EA       4C         0
                text60                             20D0     20D0      39A         0
                text59                             190A     190A      42A         0
                text58                             3860     3860      106         0
                text57                             29A6     29A6      1B4         0
                text56                             3632     3632      122         0
                text55                             44F6     44F6       64         0
                text54                             4A94     4A94       32         0
                text53                             461E     461E       62         0
                text52                             41AC     41AC       7E         0
                text51                             45BC     45BC       62         0
                text50                             3FFE     3FFE       9A         0
                text49                             4904     4904       40         0
                text48                             3B32     3B32       C8         0
                text47                             4AC6     4AC6       2E         0
                text46                             4B76     4B76        4         0
                text45                             4B72     4B72        4         0
                text44                             4B6E     4B6E        4         0
                text43                             4B6A     4B6A        4         0
                text42                             4B66     4B66        4         0
                text41                             4B52     4B52        C         0
                text40                             4B5E     4B5E        8         0
                text39                             4B46     4B46        C         0
                text38                             4B3A     4B3A        C         0
                intcode_body                       27F0     27F0      1B6         0
                text36                             3F62     3F62       9C         0
                text35                             3A56     3A56       DC         0
                text34                             4A62     4A62       32         0
                text33                             4B1E     4B1E       1C         0
                text32                             4492     4492       64         0
                text31                             3966     3966       F0         0
                text30                             33DE     33DE      12C         0
                text29                             3004     3004      154         0
                text28                             101C     101C      4C2         0
                text27                             1D34     1D34      39C         0
                text26                             14DE     14DE      42C         0
                text25                             3754     3754      10C         0
                text24                             2638     2638      1B8         0
                text23                             2B5A     2B5A      1AE         0
                text22                             4680     4680       5E         0
                text21                             329E     329E      140         0
                text20                             2EA4     2EA4      160         0
                text19                             4098     4098       90         0
                text18                             350A     350A      128         0
                text17                             43C8     43C8       66         0
                text16                             422A     422A       6C         0
                text15                             49F8     49F8       36         0
                text14                             4362     4362       66         0
                text13                             3158     3158      146         0
                text12                             4836     4836       48         0
                text11                             2D08     2D08      19C         0
                text10                             442E     442E       64         0
                text9                              4794     4794       56         0
                text8                              46DE     46DE       5C         0
                text7                              473A     473A       5A         0
                text6                              3E28     3E28       9E         0
                text5                              42FC     42FC       66         0
                text4                              4128     4128       84         0
                text3                              3EC6     3EC6       9C         0
                text2                              48C2     48C2       42         0
                text1                              455A     455A       62         0
                text0                              4AF4     4AF4       2A         0
                cinit                              4296     4296       66         0
                idataBANK1                         487E     487E       44         0
                idataBANK0                         4B7A     4B7A        2         0

        CLASS   CONST          

        CLASS   SMALLCONST     
                smallconst                         1000     1000       1C         0

        CLASS   MEDIUMCONST    

        CLASS   COMRAM         
                temp                                 72       72        1         1
                cstackCOMRAM                          1        1       4A         1
                bssCOMRAM                            4B       4B       27         1

        CLASS   ABS1           

        CLASS   BIGRAM         

        CLASS   RAM            

        CLASS   BANK0          
                cstackBANK0                          80       80       64         1
                dataBANK0                            F0       F0        2         1
                bssBANK0                             E4       E4        C         1

        CLASS   BANK1          
                cstackBANK1                         172      172       19         1
                dataBANK1                           100      100       44         1
                bssBANK1                            144      144       2E         1

        CLASS   BANK2          

        CLASS   BANK3          

        CLASS   BANK4          

        CLASS   BANK5          

        CLASS   BANK6          

        CLASS   BANK7          

        CLASS   BANK8          

        CLASS   BANK9          

        CLASS   BANK10         

        CLASS   BANK11         

        CLASS   BANK12         

        CLASS   BANK13         

        CLASS   BANK14         

        CLASS   BANK15         

        CLASS   SFR            

        CLASS   BIGSFR         

        CLASS   CONFIG         
                config                           300000   300000        E         4

        CLASS   IDLOC          

        CLASS   EEDATA         

        CLASS   FARRAM         

        CLASS   HEAP           

        CLASS   STACK          



SEGMENTS        Name                           Load    Length   Top    Selector   Space  Class

                reset_vec                      000000  000004  000004         0       0  CODE    
                cstackCOMRAM                   000001  000072  000073         1       1  COMRAM  
                intcode                        000008  00000A  000012         4       0  CODE    
                cstackBANK0                    000080  000072  0000F2        80       1  BANK0   
                dataBANK1                      000100  00008B  00018B       100       1  BANK1   
                smallconst                     001000  00001C  00101C       800       0  SMALLCON
                text28                         00101C  003B62  004B7E       80E       0  CODE    


UNUSED ADDRESS RANGES

        Name                Unused          Largest block    Delta
        BANK0            0000F2-0000FF                E
        BANK1            00018B-0001FF               75
        BANK10           000A00-000AFF              100
        BANK11           000B00-000BFF              100
        BANK12           000C00-000CFF              100
        BANK13           000D00-000DFF              100
        BANK14           000E00-000EFF              100
        BANK15           000F00-000F7F               80
        BANK2            000200-0002FF              100
        BANK3            000300-0003FF              100
        BANK4            000400-0004FF              100
        BANK5            000500-0005FF              100
        BANK6            000600-0006FF              100
        BANK7            000700-0007FF              100
        BANK8            000800-0008FF              100
        BANK9            000900-0009FF              100
        BIGRAM           000073-00007F                D
                         0000F2-0000FF                E
                         00018B-000F7F              DF5
        BIGSFR           000F80-000FFF               80
        CODE             000004-000007                4
                         000012-000FFF              FEE
                         004B7E-00FFFF             B482
        COMRAM           000073-00007F                D
        CONST            000004-000007                4
                         000012-000FFF              FEE
                         004B7E-00FFFF             B482
        EEDATA           F00000-F003FF              400
        IDLOC            200000-200007                8
        MEDIUMCONST      004B7E-00FFFF             B482
        RAM              0000F2-0000FF                E
                         00018B-000F7F              100
        SFR              000F80-000FFF               80
        SMALLCONST       004B7E-00FFFF              100

                                  Symbol Table

?___awdiv                                cstackCOMRAM 000001
?___awmod                                cstackCOMRAM 000001
?___fladd                                cstackBANK0  0000B5
?___fldiv                                cstackBANK0  00009C
?___flmul                                cstackBANK0  0000C5
?___fltol                                cstackBANK0  0000DE
?___xxtofl                               cstackBANK0  00008E
?_abs                                    cstackCOMRAM 000007
?_sprintf                                cstackCOMRAM 00001A
?_vfprintf                               cstackCOMRAM 000016
?i2___fldiv                              cstackCOMRAM 000028
?i2___flmul                              cstackCOMRAM 00000F
?i2___fltol                              cstackCOMRAM 000041
?i2___xxtofl                             cstackCOMRAM 000001
AC_Operate@ACC                           cstackBANK1  000183
ADC_GetConversion@channel                cstackBANK0  000097
ADC_GetConversion@pin                    cstackBANK0  000095
ADC_GetConversion@result                 cstackBANK0  000098
ADC_GetResult@pin                        cstackBANK0  00008E
ADC_GetResult@result                     cstackBANK0  000090
ADC_Init@pin                             cstackBANK0  000091
ADC_Select_channel@channel               cstackBANK0  000093
ADC_Select_channel@pin                   cstackBANK0  000091
ADC_Set_bit@channel                      cstackBANK0  000090
ADC_StartConversion@pin                  cstackBANK0  00008E
CCP_PWM_Set_Duty@_duty                   cstackBANK1  000178
CCP_PWM_Set_Duty@ccp_obj                 cstackBANK1  000176
CCP_PWM_Set_Duty@duty_cyc                cstackBANK1  00017F
CCP_PWM_Start@ccp_obj                    cstackBANK0  00008E
CCP_PWM_Stop@ccp_obj                     cstackBANK0  00008E
CCPx_Init@ccp_obj                        cstackBANK1  000182
CCPx_SET_CAPTURE_MODE@ccp_obj            cstackBANK0  00008E
CCPx_SET_COMPARE_MODE@ccp_obj            cstackBANK0  00008E
CCPx_SET_PWM_MODE@ccp_obj                cstackBANK1  000176
CCPx_SET_TIMER_CONFIG@ccp_obj            cstackBANK0  00008E
Heater_Operate@ACC                       cstackBANK1  000183
TMR2_Init@obj                            cstackBANK0  00008E
_AC                                      dataBANK1    00012A
_AC_Operate                              text9        004794
_ADCON0bits                              (abs)        000FC2
_ADCON1bits                              (abs)        000FC1
_ADCON2bits                              (abs)        000FC0
_ADC_GetConversion                       text32       004492
_ADC_GetResult                           text36       003F62
_ADC_ISR                                 text47       004AC6
_ADC_Init                                text31       003966
_ADC_InterruptHandler                    bssCOMRAM    000069
_ADC_Select_channel                      text34       004A62
_ADC_Set_bit                             text35       003A56
_ADC_StartConversion                     text33       004B1E
_ADRESH                                  (abs)        000FC4
_ADRESL                                  (abs)        000FC3
_CCP1CONbits                             (abs)        000FBD
_CCP1_ISR                                text46       004B76
_CCP1_InterruptHandler                   bssBANK0     0000EC
_CCP2CONbits                             (abs)        000FBA
_CCP2_ISR                                text45       004B72
_CCP2_InterruptHandler                   bssBANK0     0000EA
_CCPR1L                                  (abs)        000FBE
_CCPR2L                                  (abs)        000FBB
_CCP_PWM_Set_Duty                        text11       002D08
_CCP_PWM_Set_Duty$3865                   cstackBANK1  00017B
_CCP_PWM_Start                           text10       00442E
_CCP_PWM_Stop                            text8        0046DE
_CCPx_Init                               text20       002EA4
_CCPx_SET_CAPTURE_MODE                   text30       0033DE
_CCPx_SET_COMPARE_MODE                   text29       003004
_CCPx_SET_PWM_MODE                       text23       002B5A
_CCPx_SET_PWM_MODE$3866                  cstackBANK1  00017A
_CCPx_SET_PWM_MODE$3867                  cstackBANK1  00017E
_CCPx_SET_TIMER_CONFIG                   text22       004680
_EEADR                                   (abs)        000FA9
_EEADRH                                  (abs)        000FAA
_EECON1bits                              (abs)        000FA6
_EECON2                                  (abs)        000FA7
_EEDATA                                  (abs)        000FA8
_Heater                                  dataBANK1    00011E
_Heater_Operate                          text7        00473A
_INT0_ISR                                text44       004B6E
_INT0_InterruptHandler                   bssCOMRAM    000067
_INT1_ISR                                text43       004B6A
_INT1_InterruptHandler                   bssCOMRAM    000065
_INT2_ISR                                text42       004B66
_INT2_InterruptHandler                   bssCOMRAM    000063
_INTCON2bits                             (abs)        000FF1
_INTCON3bits                             (abs)        000FF0
_INTCONbits                              (abs)        000FF2
_InterruptManger                         intcode      000008
_LATA                                    (abs)        000F89
_LATB                                    (abs)        000F8A
_LATC                                    (abs)        000F8B
_LATD                                    (abs)        000F8C
_LATE                                    (abs)        000F8D
_PIE1bits                                (abs)        000F9D
_PIE2bits                                (abs)        000FA0
_PIR1bits                                (abs)        000F9E
_PIR2bits                                (abs)        000FA1
_PORTA                                   (abs)        000F80
_PORTB                                   (abs)        000F81
_PORTC                                   (abs)        000F82
_PORTD                                   (abs)        000F83
_PORTE                                   (abs)        000F84
_PR2                                     (abs)        000FCB
_T0CONbits                               (abs)        000FD5
_T1CONbits                               (abs)        000FCD
_T2CONbits                               (abs)        000FCA
_T3CONbits                               (abs)        000FB1
_TMR0H                                   (abs)        000FD7
_TMR0L                                   (abs)        000FD6
_TMR1H                                   (abs)        000FCF
_TMR1L                                   (abs)        000FCE
_TMR1_ISR                                text41       004B52
_TMR1_InterruptHandler                   bssCOMRAM    000055
_TMR1_preload                            bssCOMRAM    000053
_TMR2                                    (abs)        000FCC
_TMR2_ISR                                text40       004B5E
_TMR2_Init                               text19       004098
_TMR2_InterruptHandler                   bssBANK0     0000E8
_TMR2_preload                            bssBANK0     0000EE
_TMR3H                                   (abs)        000FB3
_TMR3L                                   (abs)        000FB2
_TMR3_ISR                                text39       004B46
_TMR3_InterruptHandler                   bssCOMRAM    000051
_TMR3_preload                            bssCOMRAM    00004F
_TRISA                                   (abs)        000F92
_TRISB                                   (abs)        000F93
_TRISC                                   (abs)        000F94
_TRISD                                   (abs)        000F95
_TRISE                                   (abs)        000F96
_Tempe_reader                            dataBANK1    000136
_Timer0_ISR                              text38       004B3A
_Timer0_InterruptHandler                 bssCOMRAM    000059
_Write_temp_LCD                          text48       003B32
__HRAM                                   (abs)        000000
__H__absolute__                          __absolute__ 000000
__Habs1                                  abs1         000000
__Hbank0                                 bank0        000000
__Hbank1                                 bank1        000000
__Hbank10                                bank10       000000
__Hbank11                                bank11       000000
__Hbank12                                bank12       000000
__Hbank13                                bank13       000000
__Hbank14                                bank14       000000
__Hbank15                                bank15       000000
__Hbank2                                 bank2        000000
__Hbank3                                 bank3        000000
__Hbank4                                 bank4        000000
__Hbank5                                 bank5        000000
__Hbank6                                 bank6        000000
__Hbank7                                 bank7        000000
__Hbank8                                 bank8        000000
__Hbank9                                 bank9        000000
__Hbigbss                                bigbss       000000
__Hbigdata                               bigdata      000000
__Hbigram                                bigram       000000
__Hbigsfr                                bigsfr       000000
__Hbss                                   bss          000000
__HbssBANK0                              bssBANK0     000000
__HbssBANK1                              bssBANK1     000000
__HbssCOMRAM                             bssCOMRAM    000000
__Hcinit                                 cinit        000000
__Hclrtext                               clrtext      000000
__Hcomram                                comram       000000
__Hconfig                                config       30000E
__Hconst                                 const        000000
__HcstackBANK0                           cstackBANK0  000000
__HcstackBANK1                           cstackBANK1  000000
__HcstackCOMRAM                          cstackCOMRAM 000000
__Hdata                                  data         000000
__HdataBANK0                             dataBANK0    000000
__HdataBANK1                             dataBANK1    000000
__Heeprom_data                           eeprom_data  000000
__Hfarbss                                farbss       000000
__Hfardata                               fardata      000000
__Hheap                                  heap         000000
__Hibigdata                              ibigdata     000000
__Hidata                                 idata        000000
__HidataBANK0                            idataBANK0   000000
__HidataBANK1                            idataBANK1   000000
__Hidloc                                 idloc        000000
__Hifardata                              ifardata     000000
__Hinit                                  init         000012
__Hintcode                               intcode      00000E
__Hintcode_body                          intcode_body 000000
__Hintcodelo                             intcodelo    00000E
__Hintentry                              intentry     000000
__Hintret                                intret       000000
__Hintsave_regs                          intsave_regs 000000
__Hirdata                                irdata       000000
__Hmediumconst                           mediumconst  000000
__HnvFARRAM                              nvFARRAM     000000
__Hnvbit                                 nvbit        000000
__Hnvrram                                nvrram       000000
__Hparam                                 rparam       000000
__Hpowerup                               powerup      00000E
__Hram                                   ram          000000
__Hramtop                                ramtop       001000
__Hrbit                                  rbit         000000
__Hrbss                                  rbss         000000
__Hrdata                                 rdata        000000
__Hreset_vec                             reset_vec    000004
__Hrparam                                rparam       000000
__Hsfr                                   sfr          000000
__Hsmallconst                            smallconst   00101C
__Hspace_0                               (abs)        004B7E
__Hspace_1                               (abs)        00018B
__Hspace_2                               (abs)        000000
__Hspace_4                               (abs)        60000E
__Hstack                                 stack        000000
__Hstruct                                struct       000000
__Htemp                                  temp         000073
__Htext                                  text         000000
__Htext0                                 text0        000000
__Htext1                                 text1        000000
__Htext10                                text10       000000
__Htext11                                text11       000000
__Htext12                                text12       000000
__Htext13                                text13       000000
__Htext14                                text14       000000
__Htext15                                text15       000000
__Htext16                                text16       000000
__Htext17                                text17       000000
__Htext18                                text18       000000
__Htext19                                text19       000000
__Htext2                                 text2        000000
__Htext20                                text20       000000
__Htext21                                text21       000000
__Htext22                                text22       000000
__Htext23                                text23       000000
__Htext24                                text24       000000
__Htext25                                text25       000000
__Htext26                                text26       000000
__Htext27                                text27       000000
__Htext28                                text28       000000
__Htext29                                text29       000000
__Htext3                                 text3        000000
__Htext30                                text30       000000
__Htext31                                text31       000000
__Htext32                                text32       000000
__Htext33                                text33       000000
__Htext34                                text34       000000
__Htext35                                text35       000000
__Htext36                                text36       000000
__Htext38                                text38       000000
__Htext39                                text39       000000
__Htext4                                 text4        000000
__Htext40                                text40       000000
__Htext41                                text41       000000
__Htext42                                text42       000000
__Htext43                                text43       000000
__Htext44                                text44       000000
__Htext45                                text45       000000
__Htext46                                text46       000000
__Htext47                                text47       000000
__Htext48                                text48       000000
__Htext49                                text49       000000
__Htext5                                 text5        000000
__Htext50                                text50       000000
__Htext51                                text51       000000
__Htext52                                text52       000000
__Htext53                                text53       000000
__Htext54                                text54       000000
__Htext55                                text55       000000
__Htext56                                text56       000000
__Htext57                                text57       000000
__Htext58                                text58       000000
__Htext59                                text59       000000
__Htext6                                 text6        000000
__Htext60                                text60       000000
__Htext61                                text61       000000
__Htext62                                text62       000000
__Htext63                                text63       000000
__Htext64                                text64       000000
__Htext65                                text65       000000
__Htext66                                text66       000000
__Htext67                                text67       000000
__Htext68                                text68       000000
__Htext69                                text69       000000
__Htext7                                 text7        000000
__Htext70                                text70       000000
__Htext71                                text71       000000
__Htext8                                 text8        000000
__Htext9                                 text9        000000
__LRAM                                   (abs)        000001
__L__absolute__                          __absolute__ 000000
__Labs1                                  abs1         000000
__Lbank0                                 bank0        000000
__Lbank1                                 bank1        000000
__Lbank10                                bank10       000000
__Lbank11                                bank11       000000
__Lbank12                                bank12       000000
__Lbank13                                bank13       000000
__Lbank14                                bank14       000000
__Lbank15                                bank15       000000
__Lbank2                                 bank2        000000
__Lbank3                                 bank3        000000
__Lbank4                                 bank4        000000
__Lbank5                                 bank5        000000
__Lbank6                                 bank6        000000
__Lbank7                                 bank7        000000
__Lbank8                                 bank8        000000
__Lbank9                                 bank9        000000
__Lbigbss                                bigbss       000000
__Lbigdata                               bigdata      000000
__Lbigram                                bigram       000000
__Lbigsfr                                bigsfr       000000
__Lbss                                   bss          000000
__LbssBANK0                              bssBANK0     000000
__LbssBANK1                              bssBANK1     000000
__LbssCOMRAM                             bssCOMRAM    000000
__Lcinit                                 cinit        000000
__Lclrtext                               clrtext      000000
__Lcomram                                comram       000000
__Lconfig                                config       000000
__Lconst                                 const        000000
__LcstackBANK0                           cstackBANK0  000000
__LcstackBANK1                           cstackBANK1  000000
__LcstackCOMRAM                          cstackCOMRAM 000000
__Ldata                                  data         000000
__LdataBANK0                             dataBANK0    000000
__LdataBANK1                             dataBANK1    000000
__Leeprom_data                           eeprom_data  000000
__Lfarbss                                farbss       000000
__Lfardata                               fardata      000000
__Lheap                                  heap         000000
__Libigdata                              ibigdata     000000
__Lidata                                 idata        000000
__LidataBANK0                            idataBANK0   000000
__LidataBANK1                            idataBANK1   000000
__Lidloc                                 idloc        000000
__Lifardata                              ifardata     000000
__Linit                                  init         00000E
__Lintcode                               intcode      000008
__Lintcode_body                          intcode_body 000000
__Lintcodelo                             intcodelo    00000E
__Lintentry                              intentry     000000
__Lintret                                intret       000000
__Lintsave_regs                          intsave_regs 000000
__Lirdata                                irdata       000000
__Lmediumconst                           mediumconst  000000
__LnvFARRAM                              nvFARRAM     000000
__Lnvbit                                 nvbit        000000
__Lnvrram                                nvrram       000000
__Lparam                                 rparam       000000
__Lpowerup                               powerup      00000E
__Lram                                   ram          000000
__Lramtop                                ramtop       001000
__Lrbit                                  rbit         000000
__Lrbss                                  rbss         000000
__Lrdata                                 rdata        000000
__Lreset_vec                             reset_vec    000000
__Lrparam                                rparam       000000
__Lsfr                                   sfr          000000
__Lsmallconst                            smallconst   001000
__Lspace_0                               (abs)        000000
__Lspace_1                               (abs)        000000
__Lspace_2                               (abs)        000000
__Lspace_4                               (abs)        000000
__Lstack                                 stack        000000
__Lstruct                                struct       000000
__Ltemp                                  temp         000072
__Ltext                                  text         000000
__Ltext0                                 text0        000000
__Ltext1                                 text1        000000
__Ltext10                                text10       000000
__Ltext11                                text11       000000
__Ltext12                                text12       000000
__Ltext13                                text13       000000
__Ltext14                                text14       000000
__Ltext15                                text15       000000
__Ltext16                                text16       000000
__Ltext17                                text17       000000
__Ltext18                                text18       000000
__Ltext19                                text19       000000
__Ltext2                                 text2        000000
__Ltext20                                text20       000000
__Ltext21                                text21       000000
__Ltext22                                text22       000000
__Ltext23                                text23       000000
__Ltext24                                text24       000000
__Ltext25                                text25       000000
__Ltext26                                text26       000000
__Ltext27                                text27       000000
__Ltext28                                text28       000000
__Ltext29                                text29       000000
__Ltext3                                 text3        000000
__Ltext30                                text30       000000
__Ltext31                                text31       000000
__Ltext32                                text32       000000
__Ltext33                                text33       000000
__Ltext34                                text34       000000
__Ltext35                                text35       000000
__Ltext36                                text36       000000
__Ltext38                                text38       000000
__Ltext39                                text39       000000
__Ltext4                                 text4        000000
__Ltext40                                text40       000000
__Ltext41                                text41       000000
__Ltext42                                text42       000000
__Ltext43                                text43       000000
__Ltext44                                text44       000000
__Ltext45                                text45       000000
__Ltext46                                text46       000000
__Ltext47                                text47       000000
__Ltext48                                text48       000000
__Ltext49                                text49       000000
__Ltext5                                 text5        000000
__Ltext50                                text50       000000
__Ltext51                                text51       000000
__Ltext52                                text52       000000
__Ltext53                                text53       000000
__Ltext54                                text54       000000
__Ltext55                                text55       000000
__Ltext56                                text56       000000
__Ltext57                                text57       000000
__Ltext58                                text58       000000
__Ltext59                                text59       000000
__Ltext6                                 text6        000000
__Ltext60                                text60       000000
__Ltext61                                text61       000000
__Ltext62                                text62       000000
__Ltext63                                text63       000000
__Ltext64                                text64       000000
__Ltext65                                text65       000000
__Ltext66                                text66       000000
__Ltext67                                text67       000000
__Ltext68                                text68       000000
__Ltext69                                text69       000000
__Ltext7                                 text7        000000
__Ltext70                                text70       000000
__Ltext71                                text71       000000
__Ltext8                                 text8        000000
__Ltext9                                 text9        000000
__S0                                     (abs)        004B7E
__S1                                     (abs)        00018B
__S4                                     (abs)        000000
__S5                                     (abs)        000000
___awdiv                                 text69       003BFA
___awdiv@counter                         cstackCOMRAM 000005
___awdiv@dividend                        cstackCOMRAM 000001
___awdiv@divisor                         cstackCOMRAM 000003
___awdiv@quotient                        cstackCOMRAM 000007
___awdiv@sign                            cstackCOMRAM 000006
___awmod                                 text68       003D78
___awmod@counter                         cstackCOMRAM 000005
___awmod@dividend                        cstackCOMRAM 000001
___awmod@divisor                         cstackCOMRAM 000003
___awmod@sign                            cstackCOMRAM 000006
___fladd                                 text28       00101C
___fladd@a                               cstackBANK0  0000B9
___fladd@aexp                            cstackBANK0  0000C2
___fladd@b                               cstackBANK0  0000B5
___fladd@bexp                            cstackBANK0  0000C3
___fladd@grs                             cstackBANK0  0000C4
___fladd@signs                           cstackBANK0  0000C1
___fldiv                                 text27       001D34
___fldiv@a                               cstackBANK0  0000A0
___fldiv@aexp                            cstackBANK0  0000B4
___fldiv@b                               cstackBANK0  00009C
___fldiv@bexp                            cstackBANK0  0000B3
___fldiv@grs                             cstackBANK0  0000AF
___fldiv@new_exp                         cstackBANK0  0000AD
___fldiv@rem                             cstackBANK0  0000A8
___fldiv@sign                            cstackBANK0  0000AC
___flmul                                 text26       0014DE
___flmul@a                               cstackBANK0  0000C9
___flmul@aexp                            cstackBANK0  0000D2
___flmul@b                               cstackBANK0  0000C5
___flmul@bexp                            cstackBANK0  0000D7
___flmul@grs                             cstackBANK0  0000D3
___flmul@prod                            cstackBANK0  0000D8
___flmul@sign                            cstackBANK0  0000D1
___flmul@temp                            cstackBANK0  0000DC
___fltol                                 text25       003754
___fltol@exp1                            cstackBANK0  0000E3
___fltol@f1                              cstackBANK0  0000DE
___fltol@sign1                           cstackBANK0  0000E2
___heap_hi                               (abs)        000000
___heap_lo                               (abs)        000000
___inthi_sp                              stack        000000
___inthi_stack_hi                        stack        000000
___inthi_stack_lo                        stack        000000
___intlo_sp                              stack        000000
___intlo_stack_hi                        stack        000000
___intlo_stack_lo                        stack        000000
___param_bank                            (abs)        000000
___rparam_used                           (abs)        000001
___sp                                    stack        000000
___stack_hi                              stack        000000
___stack_lo                              stack        000000
___xxtofl                                text24       002638
___xxtofl@arg                            cstackBANK0  000098
___xxtofl@exp                            cstackBANK0  000097
___xxtofl@sign                           cstackBANK0  000096
___xxtofl@val                            cstackBANK0  00008E
__accesstop                              (abs)        000080
__activetblptr                           (abs)        000003
__end_of_AC_Operate                      text9        0047EA
__end_of_ADC_GetConversion               text32       0044F6
__end_of_ADC_GetResult                   text36       003FFE
__end_of_ADC_ISR                         text47       004AF4
__end_of_ADC_Init                        text31       003A56
__end_of_ADC_Select_channel              text34       004A94
__end_of_ADC_Set_bit                     text35       003B32
__end_of_ADC_StartConversion             text33       004B3A
__end_of_CCP1_ISR                        text46       004B7A
__end_of_CCP2_ISR                        text45       004B76
__end_of_CCP_PWM_Set_Duty                text11       002EA4
__end_of_CCP_PWM_Start                   text10       004492
__end_of_CCP_PWM_Stop                    text8        00473A
__end_of_CCPx_Init                       text20       003004
__end_of_CCPx_SET_CAPTURE_MODE           text30       00350A
__end_of_CCPx_SET_COMPARE_MODE           text29       003158
__end_of_CCPx_SET_PWM_MODE               text23       002D08
__end_of_CCPx_SET_TIMER_CONFIG           text22       0046DE
__end_of_Heater_Operate                  text7        004794
__end_of_INT0_ISR                        text44       004B72
__end_of_INT1_ISR                        text43       004B6E
__end_of_INT2_ISR                        text42       004B6A
__end_of_InterruptManger                 intcode_body 0029A6
__end_of_TMR1_ISR                        text41       004B5E
__end_of_TMR2_ISR                        text40       004B66
__end_of_TMR2_Init                       text19       004128
__end_of_TMR3_ISR                        text39       004B52
__end_of_Timer0_ISR                      text38       004B46
__end_of_Write_temp_LCD                  text48       003BFA
__end_of___awdiv                         text69       003CBE
__end_of___awmod                         text68       003E28
__end_of___fladd                         text28       0014DE
__end_of___fldiv                         text27       0020D0
__end_of___flmul                         text26       00190A
__end_of___fltol                         text25       003860
__end_of___xxtofl                        text24       0027F0
__end_of__initialization                 cinit        0042F2
__end_of_abs                             text67       004A62
__end_of_convert_byte_to_string          text61       004836
__end_of_fputc                           text65       003D78
__end_of_gpio_pin_Write_logic            text18       003632
__end_of_gpio_pin_direction_intialize    text21       0033DE
__end_of_gpio_pin_intialize              text17       00442E
__end_of_intialization                   text12       00487E
__end_of_lcd_4bit_intialize              text13       00329E
__end_of_lcd_4bit_send_command           text14       0043C8
__end_of_lcd_4bit_send_data              text5        004362
__end_of_lcd_4bit_send_string            text4        0041AC
__end_of_lcd_4bit_send_string_pos        text2        004904
__end_of_main                            text0        004B1E
__end_of_memset                          text70       0049F8
__end_of_operation_select                text6        003EC6
__end_of_putch                           text66       004B7E
__end_of_send_4bit                       text16       004296
__end_of_send_4bit_enable_signal         text15       004A2E
__end_of_set_cursor_4bit                 text3        003F62
__end_of_sprintf                         text62       0049C0
__end_of_vfpfcnvrt                       text64       002638
__end_of_vfprintf                        text63       004984
__end_of_welcome_message                 text1        0045BC
__end_ofi2___fldiv                       text60       00246A
__end_ofi2___flmul                       text59       001D34
__end_ofi2___fltol                       text58       003966
__end_ofi2___xxtofl                      text57       002B5A
__end_ofi2_gpio_pin_Write_logic          text56       003754
__end_ofi2_lcd_4bit_send_command         text51       00461E
__end_ofi2_lcd_4bit_send_data            text53       004680
__end_ofi2_lcd_4bit_send_string          text52       00422A
__end_ofi2_lcd_4bit_send_string_pos      text49       004944
__end_ofi2_send_4bit                     text55       00455A
__end_ofi2_send_4bit_enable_signal       text54       004AC6
__end_ofi2_set_cursor_4bit               text50       004098
__initialization                         cinit        004296
__mediumconst                            mediumconst  000000
__pbssBANK0                              bssBANK0     0000E4
__pbssBANK1                              bssBANK1     000144
__pbssCOMRAM                             bssCOMRAM    00004B
__pcinit                                 cinit        004296
__pcstackBANK0                           cstackBANK0  000080
__pcstackBANK1                           cstackBANK1  000172
__pcstackCOMRAM                          cstackCOMRAM 000001
__pdataBANK0                             dataBANK0    0000F0
__pdataBANK1                             dataBANK1    000100
__pidataBANK0                            idataBANK0   004B7A
__pidataBANK1                            idataBANK1   00487E
__pintcode                               intcode      000008
__pintcode_body                          intcode_body 0027F0
__psmallconst                            smallconst   001000
__ptext0                                 text0        004AF4
__ptext1                                 text1        00455A
__ptext10                                text10       00442E
__ptext11                                text11       002D08
__ptext12                                text12       004836
__ptext13                                text13       003158
__ptext14                                text14       004362
__ptext15                                text15       0049F8
__ptext16                                text16       00422A
__ptext17                                text17       0043C8
__ptext18                                text18       00350A
__ptext19                                text19       004098
__ptext2                                 text2        0048C2
__ptext20                                text20       002EA4
__ptext21                                text21       00329E
__ptext22                                text22       004680
__ptext23                                text23       002B5A
__ptext24                                text24       002638
__ptext25                                text25       003754
__ptext26                                text26       0014DE
__ptext27                                text27       001D34
__ptext28                                text28       00101C
__ptext29                                text29       003004
__ptext3                                 text3        003EC6
__ptext30                                text30       0033DE
__ptext31                                text31       003966
__ptext32                                text32       004492
__ptext33                                text33       004B1E
__ptext34                                text34       004A62
__ptext35                                text35       003A56
__ptext36                                text36       003F62
__ptext38                                text38       004B3A
__ptext39                                text39       004B46
__ptext4                                 text4        004128
__ptext40                                text40       004B5E
__ptext41                                text41       004B52
__ptext42                                text42       004B66
__ptext43                                text43       004B6A
__ptext44                                text44       004B6E
__ptext45                                text45       004B72
__ptext46                                text46       004B76
__ptext47                                text47       004AC6
__ptext48                                text48       003B32
__ptext49                                text49       004904
__ptext5                                 text5        0042FC
__ptext50                                text50       003FFE
__ptext51                                text51       0045BC
__ptext52                                text52       0041AC
__ptext53                                text53       00461E
__ptext54                                text54       004A94
__ptext55                                text55       0044F6
__ptext56                                text56       003632
__ptext57                                text57       0029A6
__ptext58                                text58       003860
__ptext59                                text59       00190A
__ptext6                                 text6        003E28
__ptext60                                text60       0020D0
__ptext61                                text61       0047EA
__ptext62                                text62       004984
__ptext63                                text63       004944
__ptext64                                text64       00246A
__ptext65                                text65       003CBE
__ptext66                                text66       004B7C
__ptext67                                text67       004A2E
__ptext68                                text68       003D78
__ptext69                                text69       003BFA
__ptext7                                 text7        00473A
__ptext70                                text70       0049C0
__ptext71                                text71       000000
__ptext8                                 text8        0046DE
__ptext9                                 text9        004794
__ramtop                                 ramtop       001000
__smallconst                             smallconst   001000
_abs                                     text67       004A2E
_adc_read                                bssCOMRAM    000070
_base_speed                              dataBANK0    0000F0
_convert_byte_to_string                  text61       0047EA
_dbuf                                    bssBANK1     000144
_flags                                   bssCOMRAM    00006B
_fputc                                   text65       003CBE
_gpio_pin_Write_logic                    text18       00350A
_gpio_pin_direction_intialize            text21       00329E
_gpio_pin_intialize                      text17       0043C8
_intialization                           text12       004836
_lat_registers                           dataBANK1    00010A
_lcd                                     dataBANK1    00013E
_lcd_4bit_intialize                      text13       003158
_lcd_4bit_send_command                   text14       004362
_lcd_4bit_send_data                      text5        0042FC
_lcd_4bit_send_string                    text4        004128
_lcd_4bit_send_string_pos                text2        0048C2
_lcd_counter                             bssBANK0     0000EF
_main                                    text0        004AF4
_memset                                  text70       0049C0
_operation_select                        text6        003E28
_port_registers                          dataBANK1    000100
_prec                                    bssCOMRAM    00004B
_putch                                   text66       004B7C
_send_4bit                               text16       00422A
_send_4bit_enable_signal                 text15       0049F8
_set_cursor_4bit                         text3        003EC6
_speed                                   bssBANK0     0000E6
_sprintf                                 text62       004984
_temp                                    bssCOMRAM    00004D
_temp_display                            bssBANK1     000164
_time                                    bssBANK1     00016C
_tmr0_preload                            bssCOMRAM    000057
_tris_registers                          dataBANK1    000114
_vfpfcnvrt                               text64       00246A
_vfprintf                                text63       004944
_welcome_message                         text1        00455A
_width                                   bssBANK0     0000E4
abs@a                                    cstackCOMRAM 000007
btemp                                    temp         000072
convert_byte_to_string@str               cstackCOMRAM 00002C
convert_byte_to_string@value             cstackCOMRAM 00002E
end_of_initialization                    cinit        0042F2
fputc@c                                  cstackCOMRAM 000001
fputc@fp                                 cstackCOMRAM 000003
gpio_pin_Write_logic@_pin_config         cstackBANK0  00008E
gpio_pin_Write_logic@logic               cstackBANK0  000090
gpio_pin_direction_intialize@_pin_config cstackBANK0  00008E
gpio_pin_intialize@_pin_config           cstackBANK0  000097
gpio_pin_intialize@ret                   cstackBANK0  00009A
i2___fldiv                               text60       0020D0
i2___fldiv@a                             cstackCOMRAM 00002C
i2___fldiv@aexp                          cstackCOMRAM 000040
i2___fldiv@b                             cstackCOMRAM 000028
i2___fldiv@bexp                          cstackCOMRAM 00003F
i2___fldiv@grs                           cstackCOMRAM 00003B
i2___fldiv@new_exp                       cstackCOMRAM 000039
i2___fldiv@rem                           cstackCOMRAM 000034
i2___fldiv@sign                          cstackCOMRAM 000038
i2___flmul                               text59       00190A
i2___flmul@a                             cstackCOMRAM 000013
i2___flmul@aexp                          cstackCOMRAM 000020
i2___flmul@b                             cstackCOMRAM 00000F
i2___flmul@bexp                          cstackCOMRAM 000021
i2___flmul@grs                           cstackCOMRAM 00001C
i2___flmul@prod                          cstackCOMRAM 000022
i2___flmul@sign                          cstackCOMRAM 00001B
i2___flmul@temp                          cstackCOMRAM 000026
i2___fltol                               text58       003860
i2___fltol@exp1                          cstackCOMRAM 00004A
i2___fltol@f1                            cstackCOMRAM 000041
i2___fltol@sign1                         cstackCOMRAM 000049
i2___xxtofl                              text57       0029A6
i2___xxtofl@arg                          cstackCOMRAM 00000B
i2___xxtofl@exp                          cstackCOMRAM 00000A
i2___xxtofl@sign                         cstackCOMRAM 000009
i2___xxtofl@val                          cstackCOMRAM 000001
i2_gpio_pin_Write_logic                  text56       003632
i2_lcd_4bit_send_command                 text51       0045BC
i2_lcd_4bit_send_data                    text53       00461E
i2_lcd_4bit_send_string                  text52       0041AC
i2_lcd_4bit_send_string_pos              text49       004904
i2_send_4bit                             text55       0044F6
i2_send_4bit_enable_signal               text54       004A94
i2_set_cursor_4bit                       text50       003FFE
i2gpio_pin_Write_logic@_pin_config       cstackCOMRAM 000001
i2gpio_pin_Write_logic@logic             cstackCOMRAM 000003
i2lcd_4bit_send_command@command          cstackCOMRAM 00000F
i2lcd_4bit_send_command@lcd              cstackCOMRAM 00000D
i2lcd_4bit_send_data@data                cstackCOMRAM 00000F
i2lcd_4bit_send_data@lcd                 cstackCOMRAM 00000D
i2lcd_4bit_send_string@lcd               cstackCOMRAM 000010
i2lcd_4bit_send_string@str               cstackCOMRAM 000012
i2lcd_4bit_send_string_pos@column        cstackCOMRAM 000019
i2lcd_4bit_send_string_pos@lcd           cstackCOMRAM 000016
i2lcd_4bit_send_string_pos@row           cstackCOMRAM 000018
i2lcd_4bit_send_string_pos@str           cstackCOMRAM 00001A
i2send_4bit@_data_command                cstackCOMRAM 00000C
i2send_4bit@lcd                          cstackCOMRAM 00000A
i2send_4bit_enable_signal@lcd            cstackCOMRAM 00000A
i2set_cursor_4bit@column                 cstackCOMRAM 000013
i2set_cursor_4bit@lcd                    cstackCOMRAM 000010
i2set_cursor_4bit@row                    cstackCOMRAM 000012
int$flags                                temp         000072
int_func                                 intcode_body 0027F0
intlevel0                                text         000000
intlevel1                                text         000000
intlevel2                                text         000000
intlevel3                                text         000000
isa$std                                  (abs)        000001
isa$xinst                                (abs)        000000
lcd_4bit_intialize@lcd                   cstackBANK0  00009D
lcd_4bit_intialize@ret                   cstackBANK0  0000A1
lcd_4bit_send_command@command            cstackBANK0  00009C
lcd_4bit_send_command@lcd                cstackBANK0  00009A
lcd_4bit_send_data@data                  cstackBANK0  00009C
lcd_4bit_send_data@lcd                   cstackBANK0  00009A
lcd_4bit_send_string@lcd                 cstackBANK0  00009D
lcd_4bit_send_string@str                 cstackBANK0  00009F
lcd_4bit_send_string_pos@column          cstackBANK0  0000A6
lcd_4bit_send_string_pos@lcd             cstackBANK0  0000A3
lcd_4bit_send_string_pos@row             cstackBANK0  0000A5
lcd_4bit_send_string_pos@str             cstackBANK0  0000A7
led_initialize@F3060                     bssCOMRAM    00006F
led_toggle@F3075                         bssCOMRAM    00006C
led_turn_off@F3070                       bssCOMRAM    00006D
led_turn_on@F3065                        bssCOMRAM    00006E
memset@c                                 cstackCOMRAM 000003
memset@dest                              cstackCOMRAM 000001
memset@n                                 cstackCOMRAM 000005
memset@p                                 cstackCOMRAM 000007
send_4bit@_data_command                  cstackBANK0  000099
send_4bit@lcd                            cstackBANK0  000097
send_4bit_enable_signal@lcd              cstackBANK0  000097
set_cursor_4bit@column                   cstackBANK0  0000A0
set_cursor_4bit@lcd                      cstackBANK0  00009D
set_cursor_4bit@row                      cstackBANK0  00009F
sprintf@ap                               cstackCOMRAM 00001F
sprintf@f                                cstackCOMRAM 000020
sprintf@fmt                              cstackCOMRAM 00001C
sprintf@s                                cstackCOMRAM 00001A
stackhi                                  (abs)        000000
stacklo                                  (abs)        000000
start                                    init         00000E
start_initialization                     cinit        004296
ttemp5                                   temp         000073
ttemp6                                   temp         000076
ttemp7                                   temp         00007A
vfpfcnvrt@ap                             cstackCOMRAM 00000D
vfpfcnvrt@c                              cstackCOMRAM 000015
vfpfcnvrt@convarg                        cstackCOMRAM 000011
vfpfcnvrt@cp                             cstackCOMRAM 000010
vfpfcnvrt@done                           cstackCOMRAM 00000F
vfpfcnvrt@fmt                            cstackCOMRAM 00000C
vfpfcnvrt@fp                             cstackCOMRAM 00000B
vfprintf@ap                              cstackCOMRAM 000018
vfprintf@cfmt                            cstackCOMRAM 000019
vfprintf@fmt                             cstackCOMRAM 000017
vfprintf@fp                              cstackCOMRAM 000016
wtemp8                                   temp         000073


MODULE INFORMATION

Module		Function		Class		Link	Load	Size
D:\Program Files\Microchip\xc8\v2.45\pic\sources\c99\common\sprcadd.c
		___fladd       		CODE           	101C	0000	1218

D:\Program Files\Microchip\xc8\v2.45\pic\sources\c99\common\sprcadd.c estimated size: 1218

MCAL_LAYER/interrupt/mcal_interrupt_mamager.c
		_InterruptManger		CODE           	0008	0000	444

MCAL_LAYER/interrupt/mcal_interrupt_mamager.c estimated size: 444

MCAL_LAYER/Timer0/timer0.c
		_Timer0_ISR    		CODE           	4B3A	0000	12

MCAL_LAYER/Timer0/timer0.c estimated size: 12

D:\Program Files\Microchip\xc8\v2.45\pic\sources\c99\common\awdiv.c
		___awdiv       		CODE           	3BFA	0000	196

D:\Program Files\Microchip\xc8\v2.45\pic\sources\c99\common\awdiv.c estimated size: 196

D:\Program Files\Microchip\xc8\v2.45\pic\sources\c99\common\fltol.c
		___fltol       		CODE           	3754	0000	268

D:\Program Files\Microchip\xc8\v2.45\pic\sources\c99\common\fltol.c estimated size: 268

D:\Program Files\Microchip\xc8\v2.45\pic\sources\c99\common\abs.c
		_abs           		CODE           	4A2E	0000	52

D:\Program Files\Microchip\xc8\v2.45\pic\sources\c99\common\abs.c estimated size: 52

D:\Program Files\Microchip\xc8\v2.45\pic\sources\c99\common\nf_sprintf.c
		_sprintf       		CODE           	4984	0000	60

D:\Program Files\Microchip\xc8\v2.45\pic\sources\c99\common\nf_sprintf.c estimated size: 60

D:\Program Files\Microchip\xc8\v2.45\pic\sources\c99\common\xxtofl.c
		___xxtofl      		CODE           	2638	0000	440

D:\Program Files\Microchip\xc8\v2.45\pic\sources\c99\common\xxtofl.c estimated size: 440

functions.c
		_welcome_message		CODE           	455A	0000	98
		_Heater_Operate		CODE           	473A	0000	90
		_AC_Operate    		CODE           	4794	0000	86
		_intialization 		CODE           	4836	0000	72
		_operation_select		CODE           	3E28	0000	158
		_Write_temp_LCD		CODE           	3B32	0000	200

functions.c estimated size: 704

MCAL_LAYER/GPIO/hal_gpio.c
		_gpio_pin_Write_logic		CODE           	350A	0000	296
		_gpio_pin_intialize		CODE           	43C8	0000	102
		_gpio_pin_direction_intialize		CODE           	329E	0000	320

MCAL_LAYER/GPIO/hal_gpio.c estimated size: 718

D:\Program Files\Microchip\xc8\v2.45\pic\sources\c99\common\memset.c
		_memset        		CODE           	49C0	0000	56

D:\Program Files\Microchip\xc8\v2.45\pic\sources\c99\common\memset.c estimated size: 56

MCAL_LAYER/Timer1/TMR1.c
		_TMR1_ISR      		CODE           	4B52	0000	12

MCAL_LAYER/Timer1/TMR1.c estimated size: 12

D:\Program Files\Microchip\xc8\v2.45\pic\sources\c99\common\nf_fputc.c
		_fputc         		CODE           	3CBE	0000	186

D:\Program Files\Microchip\xc8\v2.45\pic\sources\c99\common\nf_fputc.c estimated size: 186

D:\Program Files\Microchip\xc8\v2.45\pic\sources\c99\common\doprnt.c
		_vfpfcnvrt     		CODE           	246A	0000	462
		_vfprintf      		CODE           	4944	0000	64

D:\Program Files\Microchip\xc8\v2.45\pic\sources\c99\common\doprnt.c estimated size: 526

shared
		i2_send_4bit   		CODE           	44F6	0000	100
		i2_lcd_4bit_send_data		CODE           	461E	0000	98
		i2_set_cursor_4bit		CODE           	3FFE	0000	154
		i2_lcd_4bit_send_command		CODE           	45BC	0000	98
		i2___fldiv     		CODE           	20D0	0000	922
		i2___fltol     		CODE           	3860	0000	262
		__initialization		CODE           	4296	0000	92
		i2_send_4bit_enable_signal		CODE           	4A94	0000	50
		i2_gpio_pin_Write_logic		CODE           	3632	0000	290
		i2_lcd_4bit_send_string		CODE           	41AC	0000	126
		i2___flmul     		CODE           	190A	0000	1066
		i2___xxtofl    		CODE           	29A6	0000	436
		i2_lcd_4bit_send_string_pos		CODE           	4904	0000	64

shared estimated size: 3758

D:\Program Files\Microchip\xc8\v2.45\pic\sources\c99\common\sprcmul.c
		___flmul       		CODE           	14DE	0000	1068

D:\Program Files\Microchip\xc8\v2.45\pic\sources\c99\common\sprcmul.c estimated size: 1068

MCAL_LAYER/Timer2/TMR2.c
		_TMR2_ISR      		CODE           	4B5E	0000	8
		_TMR2_Init     		CODE           	4098	0000	144

MCAL_LAYER/Timer2/TMR2.c estimated size: 152

D:\Program Files\Microchip\xc8\v2.45\pic\sources\c99\common\sprcdiv.c
		___fldiv       		CODE           	1D34	0000	924

D:\Program Files\Microchip\xc8\v2.45\pic\sources\c99\common\sprcdiv.c estimated size: 924

ECU_LAYER/LCD/ecu_lcd.c
		_send_4bit_enable_signal		CODE           	49F8	0000	54
		_lcd_4bit_send_data		CODE           	42FC	0000	102
		_lcd_4bit_send_command		CODE           	4362	0000	102
		_lcd_4bit_send_string_pos		CODE           	48C2	0000	66
		_lcd_4bit_intialize		CODE           	3158	0000	326
		_send_4bit     		CODE           	422A	0000	108
		_convert_byte_to_string		CODE           	47EA	0000	76
		_set_cursor_4bit		CODE           	3EC6	0000	156
		_lcd_4bit_send_string		CODE           	4128	0000	132

ECU_LAYER/LCD/ecu_lcd.c estimated size: 1122

D:\Program Files\Microchip\xc8\v2.45\pic\sources\c99\common\awmod.c
		___awmod       		CODE           	3D78	0000	176

D:\Program Files\Microchip\xc8\v2.45\pic\sources\c99\common\awmod.c estimated size: 176

MCAL_LAYER/interrupt/mcal_external_interrupt.c
		_INT0_ISR      		CODE           	4B6E	0000	4
		_INT1_ISR      		CODE           	4B6A	0000	4
		_INT2_ISR      		CODE           	4B66	0000	4

MCAL_LAYER/interrupt/mcal_external_interrupt.c estimated size: 12

D:\Program Files\Microchip\xc8\v2.45\pic\sources\c99\common\putch.c
		_putch         		CODE           	4B7C	0000	2

D:\Program Files\Microchip\xc8\v2.45\pic\sources\c99\common\putch.c estimated size: 2

MCAL_LAYER/ADC/adc.c
		_ADC_Set_bit   		CODE           	3A56	0000	220
		_ADC_Select_channel		CODE           	4A62	0000	50
		_ADC_GetResult 		CODE           	3F62	0000	156
		_ADC_GetConversion		CODE           	4492	0000	100
		_ADC_StartConversion		CODE           	4B1E	0000	28
		_ADC_ISR       		CODE           	4AC6	0000	46
		_ADC_Init      		CODE           	3966	0000	240

MCAL_LAYER/ADC/adc.c estimated size: 840

MCAL_LAYER/Timer3/TMR3.c
		_TMR3_ISR      		CODE           	4B46	0000	12

MCAL_LAYER/Timer3/TMR3.c estimated size: 12

main.c
		_main          		CODE           	4AF4	0000	42

main.c estimated size: 42

MCAL_LAYER/CCP/CCP.c
		_CCPx_Init     		CODE           	2EA4	0000	352
		_CCPx_SET_TIMER_CONFIG		CODE           	4680	0000	94
		_CCP1_ISR      		CODE           	4B76	0000	4
		_CCP2_ISR      		CODE           	4B72	0000	4
		_CCP_PWM_Stop  		CODE           	46DE	0000	92
		_CCP_PWM_Start 		CODE           	442E	0000	100
		_CCP_PWM_Set_Duty		CODE           	2D08	0000	412
		_CCPx_SET_PWM_MODE		CODE           	2B5A	0000	430
		_CCPx_SET_COMPARE_MODE		CODE           	3004	0000	340
		_CCPx_SET_CAPTURE_MODE		CODE           	33DE	0000	300

MCAL_LAYER/CCP/CCP.c estimated size: 2128

